I'm sorry, but errors were detected in your script. Please correct the
errors listed below, and try again.


File "game/script.rpy", line 74: expected statement.
    bgMusic = "audio/bg_music.wav"
            ^

Ren'Py Version: Ren'Py 6.99.10.1227
